PhotoPrint service running on http://localhost:3000
[0mPOST /admin/login [36m302[0m 136.188 ms - 28[0m
[0mGET /admin [32m200[0m 19.672 ms - 6162[0m
[0mGET /admin [32m200[0m 8.637 ms - 5781[0m
[0mGET /admin/services [32m200[0m 6.311 ms - 12070[0m
[0mGET /admin/gallery [32m200[0m 6.653 ms - 11224[0m
[0mGET /admin/orders [32m200[0m 6.455 ms - 5460[0m
[0mGET /admin/settings [32m200[0m 5.757 ms - 7519[0m
[0mGET /admin/services/new [32m200[0m 4.703 ms - 7616[0m
[0mGET /admin/gallery/new [32m200[0m 6.405 ms - 7167[0m
[0mGET / [32m200[0m 7.857 ms - 19685[0m
[0mGET /services [32m200[0m 5.809 ms - 12170[0m
[0mGET /gallery [32m200[0m 5.534 ms - 10408[0m
[0mGET /contacts [32m200[0m 5.023 ms - 9062[0m
[0mGET /admin [32m200[0m 6.456 ms - 5781[0m
[0mGET /css/components.css [32m200[0m 2.695 ms - 11444[0m
[0mGET /css/site.css [32m200[0m 0.943 ms - 14910[0m
[0mGET /css/admin.css [32m200[0m 0.894 ms - 9518[0m
[0mGET /admin [32m200[0m 8.878 ms - 5781[0m
[0mGET /css/tokens.css [36m304[0m 1.522 ms - -[0m
[0mGET /css/base.css [36m304[0m 3.772 ms - -[0m
[0mGET /js/theme.js [36m304[0m 1.573 ms - -[0m
[0mGET /css/components.css [32m200[0m 4.947 ms - 11444[0m
[0mGET /css/admin.css [32m200[0m 5.376 ms - 9518[0m
[0mGET /js/main.js [32m200[0m 3.441 ms - 5551[0m
[0mGET /favicon.svg [36m304[0m 0.792 ms - -[0m
[0mGET /favicon.svg [36m304[0m 0.522 ms - -[0m
[0mGET /admin/services [32m200[0m 6.747 ms - 12070[0m
[0mGET /css/tokens.css [36m304[0m 0.736 ms - -[0m
[0mGET /css/base.css [36m304[0m 1.205 ms - -[0m
[0mGET /css/components.css [36m304[0m 0.876 ms - -[0m
[0mGET /css/admin.css [36m304[0m 1.967 ms - -[0m
[0mGET /uploads/services/service-default.svg [36m304[0m 2.146 ms - -[0m
[0mGET /js/theme.js [36m304[0m 1.350 ms - -[0m
[0mGET /js/main.js [36m304[0m 0.498 ms - -[0m
[0mGET /admin/gallery [32m200[0m 6.213 ms - 11224[0m
[0mGET /css/tokens.css [36m304[0m 0.681 ms - -[0m
[0mGET /css/base.css [36m304[0m 1.154 ms - -[0m
[0mGET /css/components.css [36m304[0m 0.808 ms - -[0m
[0mGET /css/admin.css [36m304[0m 1.924 ms - -[0m
[0mGET /uploads/gallery/sample-1.svg [36m304[0m 2.086 ms - -[0m
[0mGET /uploads/gallery/sample-2.svg [36m304[0m 1.392 ms - -[0m
[0mGET /uploads/gallery/sample-3.svg [36m304[0m 0.872 ms - -[0m
[0mGET /uploads/gallery/sample-4.svg [36m304[0m 1.565 ms - -[0m
[0mGET /js/theme.js [36m304[0m 1.163 ms - -[0m
[0mGET /js/main.js [36m304[0m 1.248 ms - -[0m
[0mGET /admin/orders [32m200[0m 6.311 ms - 5460[0m
[0mGET /css/tokens.css [36m304[0m 0.693 ms - -[0m
[0mGET /css/base.css [36m304[0m 1.697 ms - -[0m
[0mGET /css/components.css [36m304[0m 1.473 ms - -[0m
[0mGET /css/admin.css [36m304[0m 1.304 ms - -[0m
[0mGET /js/theme.js [36m304[0m 2.136 ms - -[0m
[0mGET /js/main.js [36m304[0m 2.008 ms - -[0m
[0mGET /admin/settings [32m200[0m 5.374 ms - 7519[0m
[0mGET /css/tokens.css [36m304[0m 0.671 ms - -[0m
[0mGET /css/base.css [36m304[0m 1.033 ms - -[0m
[0mGET /css/components.css [36m304[0m 0.734 ms - -[0m
[0mGET /css/admin.css [36m304[0m 1.675 ms - -[0m
[0mGET /js/theme.js [36m304[0m 1.831 ms - -[0m
[0mGET /js/main.js [36m304[0m 1.158 ms - -[0m
[0mGET /admin [36m304[0m 7.153 ms - -[0m
[0mGET /css/tokens.css [36m304[0m 0.634 ms - -[0m
[0mGET /css/base.css [36m304[0m 1.493 ms - -[0m
[0mGET /css/components.css [36m304[0m 1.273 ms - -[0m
[0mGET /css/admin.css [36m304[0m 1.135 ms - -[0m
[0mGET /js/theme.js [36m304[0m 2.021 ms - -[0m
[0mGET /js/main.js [36m304[0m 1.874 ms - -[0m
[0mGET /admin/services [36m304[0m 5.061 ms - -[0m
[0mGET /css/tokens.css [36m304[0m 0.602 ms - -[0m
[0mGET /css/base.css [36m304[0m 0.723 ms - -[0m
[0mGET /css/components.css [36m304[0m 1.486 ms - -[0m
[0mGET /css/admin.css [36m304[0m 1.087 ms - -[0m
[0mGET /uploads/services/service-default.svg [36m304[0m 2.017 ms - -[0m
[0mGET /js/theme.js [36m304[0m 1.486 ms - -[0m
[0mGET /js/main.js [36m304[0m 0.521 ms - -[0m
[0mGET /admin/services/new [32m200[0m 4.927 ms - 7616[0m
[0mGET /css/tokens.css [36m304[0m 0.798 ms - -[0m
[0mGET /css/base.css [36m304[0m 0.853 ms - -[0m
[0mGET /css/admin.css [36m304[0m 1.737 ms - -[0m
[0mGET /css/components.css [36m304[0m 0.982 ms - -[0m
[0mGET /js/theme.js [36m304[0m 1.719 ms - -[0m
[0mGET /js/main.js [36m304[0m 1.507 ms - -[0m
[0mPOST /admin/services [36m302[0m 27.862 ms - 44[0m
[0mGET /admin/services [32m200[0m 4.900 ms - 13898[0m
[0mGET /css/tokens.css [36m304[0m 1.198 ms - -[0m
[0mGET /css/base.css [36m304[0m 0.677 ms - -[0m
[0mGET /css/components.css [36m304[0m 3.270 ms - -[0m
[0mGET /css/admin.css [36m304[0m 1.035 ms - -[0m
[0mGET /uploads/services/service-default.svg [36m304[0m 1.575 ms - -[0m
[0mGET /uploads/services/1791301249277-dd138dfa9c2ef8.jpg [32m200[0m 2.243 ms - 205640[0m
[0mGET /js/theme.js [36m304[0m 0.718 ms - -[0m
[0mGET /js/main.js [36m304[0m 0.816 ms - -[0m
[0mGET /admin/gallery [36m304[0m 5.763 ms - -[0m
[0mGET /css/tokens.css [36m304[0m 0.664 ms - -[0m
[0mGET /css/base.css [36m304[0m 0.446 ms - -[0m
[0mGET /css/components.css [36m304[0m 0.778 ms - -[0m
[0mGET /css/admin.css [36m304[0m 0.606 ms - -[0m
[0mGET /uploads/gallery/sample-1.svg [36m304[0m 1.383 ms - -[0m
[0mGET /uploads/gallery/sample-2.svg [36m304[0m 0.848 ms - -[0m
[0mGET /uploads/gallery/sample-3.svg [36m304[0m 0.985 ms - -[0m
[0mGET /uploads/gallery/sample-4.svg [36m304[0m 0.701 ms - -[0m
[0mGET /js/theme.js [36m304[0m 1.631 ms - -[0m
[0mGET /js/main.js [36m304[0m 1.636 ms - -[0m
[0mGET /admin/services [32m200[0m 6.171 ms - 13517[0m
[0mGET /css/tokens.css [36m304[0m 0.663 ms - -[0m
[0mGET /css/base.css [36m304[0m 1.045 ms - -[0m
[0mGET /css/components.css [36m304[0m 0.768 ms - -[0m
[0mGET /css/admin.css [36m304[0m 1.744 ms - -[0m
[0mGET /uploads/services/1791301249277-dd138dfa9c2ef8.jpg [36m304[0m 2.491 ms - -[0m
[0mGET /uploads/services/service-default.svg [36m304[0m 1.576 ms - -[0m
[0mGET /js/theme.js [36m304[0m 0.695 ms - -[0m
[0mGET /js/main.js [36m304[0m 0.847 ms - -[0m
[0mGET / [32m200[0m 7.115 ms - 19647[0m
[0mGET /css/tokens.css [36m304[0m 0.638 ms - -[0m
[0mGET /css/base.css [36m304[0m 1.310 ms - -[0m
[0mGET /css/components.css [36m304[0m 0.773 ms - -[0m
[0mGET /js/theme.js [36m304[0m 1.971 ms - -[0m
[0mGET /js/gallery.js [36m304[0m 0.754 ms - -[0m
[0mGET /js/main.js [36m304[0m 1.459 ms - -[0m
[0mGET /css/site.css [32m200[0m 3.941 ms - 14910[0m
[0mGET /uploads/services/1791301249277-dd138dfa9c2ef8.jpg [36m304[0m 1.037 ms - -[0m
[0mGET /uploads/services/service-default.svg [36m304[0m 0.700 ms - -[0m
[0mGET /uploads/gallery/sample-1.svg [36m304[0m 2.258 ms - -[0m
[0mGET /uploads/gallery/sample-2.svg [36m304[0m 1.742 ms - -[0m
[0mGET /uploads/gallery/sample-3.svg [36m304[0m 1.556 ms - -[0m
[0mGET /uploads/gallery/sample-4.svg [36m304[0m 2.994 ms - -[0m
[0mGET /services [32m200[0m 5.048 ms - 13257[0m
[0mGET /css/tokens.css [36m304[0m 0.611 ms - -[0m
[0mGET /css/base.css [36m304[0m 1.072 ms - -[0m
[0mGET /css/components.css [36m304[0m 0.699 ms - -[0m
[0mGET /css/site.css [36m304[0m 1.941 ms - -[0m
[0mGET /js/theme.js [36m304[0m 1.432 ms - -[0m
[0mGET /js/main.js [36m304[0m 2.342 ms - -[0m
[0mGET /js/gallery.js [36m304[0m 1.445 ms - -[0m
[0mGET /uploads/services/1791301249277-dd138dfa9c2ef8.jpg [36m304[0m 0.827 ms - -[0m
[0mGET /uploads/services/service-default.svg [36m304[0m 0.924 ms - -[0m
[0mGET /contacts?service=%D0%A3%D1%87%D0%B8%D1%82%D1%8C%20%D0%BF%D0%B0%D0%B4%D0%B5%D0%B6%D0%B8%20 [32m200[0m 4.445 ms - 9062[0m
[0mGET /css/tokens.css [36m304[0m 0.677 ms - -[0m
[0mGET /css/base.css [36m304[0m 1.029 ms - -[0m
[0mGET /css/components.css [36m304[0m 1.716 ms - -[0m
[0mGET /css/site.css [36m304[0m 1.576 ms - -[0m
[0mGET /js/theme.js [36m304[0m 1.134 ms - -[0m
[0mGET /js/main.js [36m304[0m 2.382 ms - -[0m
[0mGET /js/gallery.js [36m304[0m 1.806 ms - -[0m
[0mGET /admin/services [36m304[0m 5.912 ms - -[0m
[0mGET /css/tokens.css [36m304[0m 0.689 ms - -[0m
[0mGET /css/base.css [36m304[0m 0.661 ms - -[0m
[0mGET /css/admin.css [36m304[0m 2.102 ms - -[0m
[0mGET /css/components.css [36m304[0m 1.128 ms - -[0m
[0mGET /uploads/services/1791301249277-dd138dfa9c2ef8.jpg [36m304[0m 1.635 ms - -[0m
[0mGET /uploads/services/service-default.svg [36m304[0m 1.379 ms - -[0m
[0mGET /js/theme.js [36m304[0m 0.699 ms - -[0m
[0mGET /js/main.js [36m304[0m 0.878 ms - -[0m
[0mGET /favicon.svg [36m304[0m 0.660 ms - -[0m
[0mGET /favicon.svg [36m304[0m 0.416 ms - -[0m
[0mPOST /admin/services/6/delete [36m302[0m 11.950 ms - 44[0m
[0mGET /admin/services [32m200[0m 4.779 ms - 12447[0m
[0mGET /css/tokens.css [36m304[0m 0.634 ms - -[0m
[0mGET /css/base.css [36m304[0m 1.370 ms - -[0m
[0mGET /css/components.css [36m304[0m 1.189 ms - -[0m
[0mGET /css/admin.css [36m304[0m 1.065 ms - -[0m
[0mGET /uploads/services/service-default.svg [36m304[0m 0.942 ms - -[0m
[0mGET /js/theme.js [36m304[0m 1.727 ms - -[0m
[0mGET /js/main.js [36m304[0m 0.415 ms - -[0m
[0mGET / [32m200[0m 6.598 ms - 19685[0m
[0mGET /css/tokens.css [36m304[0m 0.869 ms - -[0m
[0mGET /css/base.css [36m304[0m 1.448 ms - -[0m
[0mGET /css/components.css [36m304[0m 2.400 ms - -[0m
[0mGET /css/site.css [36m304[0m 2.278 ms - -[0m
[0mGET /js/theme.js [36m304[0m 1.452 ms - -[0m
[0mGET /js/main.js [36m304[0m 2.808 ms - -[0m
[0mGET /js/gallery.js [36m304[0m 2.035 ms - -[0m
[0mGET /uploads/services/service-default.svg [36m304[0m 1.037 ms - -[0m
[0mGET /uploads/gallery/sample-1.svg [36m304[0m 0.700 ms - -[0m
[0mGET /uploads/gallery/sample-2.svg [36m304[0m 1.972 ms - -[0m
[0mGET /uploads/gallery/sample-3.svg [36m304[0m 1.415 ms - -[0m
[0mGET /uploads/gallery/sample-4.svg [36m304[0m 2.576 ms - -[0m
[0mPOST /admin/login [36m302[0m 100.230 ms - 28[0m
[0mGET /admin [32m200[0m 6.753 ms - 6162[0m
[0mGET /admin [32m200[0m 6.503 ms - 5781[0m
[0mPOST /admin/login [36m302[0m 101.864 ms - 28[0m
[0mGET /admin [32m200[0m 6.311 ms - 6162[0m
[0mPOST /api/orders [32m201[0m 16.998 ms - 311[0m
[0mPOST /admin/orders/1/status [36m302[0m 12.156 ms - 35[0m
[0mPOST /admin/orders/1/status [36m302[0m 2.681 ms - 35[0m
[0mPOST /admin/services/99999/delete [36m302[0m 2.968 ms - 37[0m
[0mGET / [32m200[0m 6.559 ms - 19685[0m
[0mGET /admin/orders?status=in_progress&q=%D0%A2%D0%B5%D1%81%D1%82 [32m200[0m 6.661 ms - 5929[0m
[0mGET / [32m200[0m 6.007 ms - 19685[0m
[0mPOST /admin/orders/1/delete [36m302[0m 10.615 ms - 35[0m
[0mGET / [36m304[0m 6.155 ms - -[0m
[0mGET /css/tokens.css [36m304[0m 0.618 ms - -[0m
[0mGET /css/base.css [36m304[0m 0.407 ms - -[0m
[0mGET /css/components.css [36m304[0m 0.762 ms - -[0m
[0mGET /css/site.css [36m304[0m 0.592 ms - -[0m
[0mGET /js/theme.js [36m304[0m 1.802 ms - -[0m
[0mGET /js/gallery.js [36m304[0m 1.097 ms - -[0m
[0mGET /js/main.js [36m304[0m 0.914 ms - -[0m
[0mGET /uploads/services/service-default.svg [36m304[0m 0.858 ms - -[0m
[0mGET /uploads/gallery/sample-1.svg [36m304[0m 0.586 ms - -[0m
[0mGET /uploads/gallery/sample-2.svg [36m304[0m 1.855 ms - -[0m
[0mGET /uploads/gallery/sample-3.svg [36m304[0m 1.542 ms - -[0m
[0mGET /uploads/gallery/sample-4.svg [36m304[0m 1.362 ms - -[0m
[0mGET /favicon.svg [36m304[0m 0.621 ms - -[0m
[0mGET /favicon.svg [36m304[0m 0.476 ms - -[0m
[0mPOST /admin/login [36m302[0m 95.456 ms - 28[0m
[0mPOST /api/orders [32m201[0m 10.686 ms - 339[0m
[0mPOST /admin/orders/1/status [36m302[0m 9.530 ms - 35[0m
[0mPOST /admin/orders/1/status [36m302[0m 1.672 ms - 35[0m
[0mGET /admin/orders?status=in_progress&q=%D0%A2%D0%B5%D1%81%D1%82 [32m200[0m 164.747 ms - 7806[0m
[0mPOST /admin/services/99999/delete [36m302[0m 2.576 ms - 37[0m
[0mPOST /admin/gallery/99999/delete [36m302[0m 2.552 ms - 36[0m
[0mGET /admin/services/99999/edit [36m302[0m 2.343 ms - 37[0m
[0mGET /admin/settings [32m200[0m 4.638 ms - 7905[0m
[0mPOST /admin/settings [36m302[0m 39.271 ms - 37[0m
[0mGET / [32m200[0m 5.120 ms - 19449[0m
[0mGET /admin [32m200[0m 6.479 ms - 6769[0m
[0mPOST /admin/orders/1/delete [36m302[0m 8.139 ms - 35[0m
[0mGET / [32m200[0m 5.294 ms - 19449[0m
[0mPOST /admin/services [36m302[0m 2.381 ms - 41[0m
[0mGET /admin/gallery/new [32m200[0m 4.873 ms - 7612[0m
[0mGET /admin/orders [32m200[0m 4.368 ms - 5460[0m
[0mPATCH /admin/orders/1/status [33m404[0m 2.495 ms - 62[0m
[0mPOST /admin/orders/1/delete [36m302[0m 2.114 ms - 35[0m
[0mGET /admin [32m200[0m 5.780 ms - 6167[0m
[0mPOST /admin/login [36m302[0m 97.271 ms - 28[0m
[0mPOST /api/orders [32m201[0m 8.817 ms - 291[0m
[0mPATCH /admin/orders/1/status [32m200[0m 8.686 ms - 230[0m
[0mGET /admin/orders [32m200[0m 4.983 ms - 7139[0m
[0mPOST /admin/orders/1/delete [36m302[0m 7.811 ms - 35[0m
[0mGET /admin [32m200[0m 5.625 ms - 6158[0m
[0mPOST /admin/login [36m302[0m 96.424 ms - 34[0m
[0mPOST /admin/login [36m302[0m 98.070 ms - 34[0m
[0mPOST /admin/login [36m302[0m 98.184 ms - 34[0m
[0mPOST /admin/login [36m302[0m 1.653 ms - 34[0m
[0mPOST /admin/login [36m302[0m 1.410 ms - 34[0m
[0mPOST /admin/login [36m302[0m 1.196 ms - 34[0m
[0mGET /services/foto-a4 [32m200[0m 4.424 ms - 8735[0m
[0mPOST /admin/login [36m302[0m 1.737 ms - 34[0m
[0mPOST /admin/login [36m302[0m 1.167 ms - 34[0m
[0mPOST /admin/login [36m302[0m 1.219 ms - 34[0m
[0mPOST /admin/login [36m302[0m 1.343 ms - 34[0m
[0mPOST /admin/login [36m302[0m 1.150 ms - 34[0m
[0mPOST /admin/login [36m302[0m 1.239 ms - 34[0m
[0mPOST /admin/login [36m302[0m 1.163 ms - 34[0m
[0mGET /admin/login [32m200[0m 3.027 ms - 3309[0m
[0mPOST /admin/login [36m302[0m 1.147 ms - 34[0m
[0mGET /admin/login [32m200[0m 3.156 ms - 3309[0m
[0mPOST /admin/login [36m302[0m 2.016 ms - 34[0m
[0mPOST /admin/login [36m302[0m 1.283 ms - 34[0m
[0mPOST /admin/login [36m302[0m 1.126 ms - 34[0m
[0mPOST /admin/login [36m302[0m 1.130 ms - 34[0m
[0mPOST /admin/login [36m302[0m 1.091 ms - 34[0m
[0mPOST /admin/login [36m302[0m 1.055 ms - 34[0m
[0mGET /admin/login [32m200[0m 2.395 ms - 3748[0m
[0mGET / [32m200[0m 4.960 ms - 19449[0m
